PS C:\Users\YOGA> ssh-keygen -t rsa -b 4096 -C "<haamidaaali@gmail.com>"
Generating public/private rsa key pair.
Enter file in which to save the key (C:\Users\YOGA/.ssh/id_rsa): 
Created directory 'C:\\Users\\YOGA/.ssh'.
Enter passphrase (empty for no passphrase): 
Enter same passphrase again: 
Your identification has been saved in C:\Users\YOGA/.ssh/id_rsa
Your public key has been saved in C:\Users\YOGA/.ssh/id_rsa.pub
The key fingerprint is:
SHA256:LZgpGCM3q+W4Eom7aziCDRttfRnXx0uFHKgka3CzgnQ <haamidaaali@gmail.com>
The key's randomart image is:
+---[RSA 4096]----+
|           o.o   |
|  . E + . . o .  |
|..=o o * o . .   |
| o.*. =+o.. +    |
|.o+..o++S .o .   |
|*=o ..o  .  .    |
|=O.  .           |
|Oo.              |
|B+               |
+----[SHA256]-----+
PS C:\Users\YOGA> cd ~/.ssh
PS C:\Users\YOGA\.ssh> is
is : The term 'is' is not recognized as the name of a cmdlet, function, script file, or operable program. Check the spelling of the name, or 
if a path was included, verify that the path is correct and try again.
At line:1 char:1
+ is
+ ~~
    + CategoryInfo          : ObjectNotFound: (is:String) [], CommandNotFoundException
    + FullyQualifiedErrorId : CommandNotFoundException

PS C:\Users\YOGA\.ssh> 1s
1s : The term '1s' is not recognized as the name of a cmdlet, function, script file, or operable program. Check the spelling of the name, or 
if a path was included, verify that the path is correct and try again.
At line:1 char:1
+ 1s
+ ~~
    + CategoryInfo          : ObjectNotFound: (1s:String) [], CommandNotFoundException
    + FullyQualifiedErrorId : CommandNotFoundException

PS C:\Users\YOGA\.ssh> ls


    Directory: C:\Users\YOGA\.ssh


Mode                 LastWriteTime         Length Name
----                 -------------         ------ ----
-a----         9/15/2025   8:43 AM           3389 id_rsa
-a----         9/15/2025   8:43 AM            750 id_rsa.pub


PS C:\Users\YOGA\.ssh> eval "$(ssh-agent -s)"
unable to start ssh-agent service, error :1058
eval : The term 'eval' is not recognized as the name of a cmdlet, function, script file, or operable program. Check the spelling of the name, 
or if a path was included, verify that the path is correct and try again.
At line:1 char:1
+ eval "$(ssh-agent -s)"
+ ~~~~
    + CategoryInfo          : ObjectNotFound: (eval:String) [], CommandNotFoundException
    + FullyQualifiedErrorId : CommandNotFoundException

PS C:\Users\YOGA\.ssh> eval "$(ssh-agent -s)"
unable to start ssh-agent service, error :1058
eval : The term 'eval' is not recognized as the name of a cmdlet, function, script file, or operable program. Check the spelling of the name, 
or if a path was included, verify that the path is correct and try again.
At line:1 char:1
+ eval "$(ssh-agent -s)"
+ ~~~~
    + CategoryInfo          : ObjectNotFound: (eval:String) [], CommandNotFoundException
    + FullyQualifiedErrorId : CommandNotFoundException

PS C:\Users\YOGA\.ssh>